// Jest Snapshot v1, https://goo.gl/fbAQLP

exports[`ScoreTable component should render with empty data 1`] = `
Array [
  <h2
    className="MuiTypography-root MuiTypography-h6 MuiTypography-colorPrimary MuiTypography-gutterBottom"
  >
    Scores listing
  </h2>,
  <table
    className="MuiTable-root"
  >
    <thead
      className="MuiTableHead-root"
    >
      <tr
        className="MuiTableRow-root MuiTableRow-head"
      >
        <th
          aria-sort={null}
          className="MuiTableCell-root MuiTableCell-sizeSmall MuiTableCell-head"
          onClick={[Function]}
          scope="col"
        >
          <span
            className="makeStyles-defaultColumn-3"
          >
            First name
          </span>
        </th>
        <th
          aria-sort={null}
          className="MuiTableCell-root MuiTableCell-sizeSmall MuiTableCell-head"
          onClick={[Function]}
          scope="col"
        >
          <span
            className="makeStyles-defaultColumn-3"
          >
            Last name
          </span>
        </th>
        <th
          aria-sort={null}
          className="MuiTableCell-root MuiTableCell-sizeSmall MuiTableCell-head"
          onClick={[Function]}
          scope="col"
        >
          <span
            className="makeStyles-defaultColumn-3"
          >
            Gender
          </span>
        </th>
        <th
          aria-sort={null}
          className="MuiTableCell-root MuiTableCell-sizeSmall MuiTableCell-head"
          onClick={[Function]}
          scope="col"
        >
          <span
            className="makeStyles-defaultColumn-3"
          >
            City
          </span>
        </th>
        <th
          aria-sort={null}
          className="MuiTableCell-root MuiTableCell-sizeSmall MuiTableCell-head"
          onClick={[Function]}
          scope="col"
        >
          <span
            className="makeStyles-defaultColumn-3"
          >
            Country
          </span>
        </th>
        <th
          aria-sort={null}
          className="MuiTableCell-root MuiTableCell-alignRight MuiTableCell-sizeSmall MuiTableCell-head"
          onClick={[Function]}
          scope="col"
        >
          <span
            className="makeStyles-defaultColumn-3"
          >
            Score
          </span>
        </th>
      </tr>
    </thead>
    <tbody
      className="MuiTableBody-root"
    />
  </table>,
  <div
    className="makeStyles-seeMore-1"
  >
    <a
      className="MuiTypography-root MuiLink-root MuiLink-underlineHover MuiTypography-colorPrimary"
      href="#"
      onBlur={[Function]}
      onClick={[Function]}
      onFocus={[Function]}
    >
      
    </a>
  </div>,
  <div>
    <a
      className="MuiTypography-root MuiLink-root MuiLink-underlineHover MuiTypography-colorPrimary"
      href="#"
      onBlur={[Function]}
      onClick={[Function]}
      onFocus={[Function]}
    >
      
    </a>
  </div>,
]
`;
